------------------------------------------------------------
TimeQuest Timing Analyzer Summary
------------------------------------------------------------

Type  : Slow 1200mV 85C Model Setup 'inst|altpll_component|auto_generated|pll1|clk[0]'
Slack : -86.623
TNS   : -946.063

Type  : Slow 1200mV 85C Model Setup 'VGA_SYNC:inst1|vert_sync_out'
Slack : -4.858
TNS   : -131.595

Type  : Slow 1200mV 85C Model Setup 'MOUSE:inst4|MOUSE_CLK_FILTER'
Slack : -2.552
TNS   : -58.513

Type  : Slow 1200mV 85C Model Hold 'inst|altpll_component|auto_generated|pll1|clk[0]'
Slack : -0.184
TNS   : -0.184

Type  : Slow 1200mV 85C Model Hold 'MOUSE:inst4|MOUSE_CLK_FILTER'
Slack : -0.049
TNS   : -0.049

Type  : Slow 1200mV 85C Model Hold 'VGA_SYNC:inst1|vert_sync_out'
Slack : 0.347
TNS   : 0.000

Type  : Slow 1200mV 85C Model Recovery 'MOUSE:inst4|MOUSE_CLK_FILTER'
Slack : 0.120
TNS   : 0.000

Type  : Slow 1200mV 85C Model Removal 'MOUSE:inst4|MOUSE_CLK_FILTER'
Slack : -0.133
TNS   : -2.051

Type  : Slow 1200mV 85C Model Minimum Pulse Width 'VGA_SYNC:inst1|vert_sync_out'
Slack : -1.000
TNS   : -60.000

Type  : Slow 1200mV 85C Model Minimum Pulse Width 'MOUSE:inst4|MOUSE_CLK_FILTER'
Slack : -1.000
TNS   : -37.000

Type  : Slow 1200mV 85C Model Minimum Pulse Width 'clk'
Slack : 9.825
TNS   : 0.000

Type  : Slow 1200mV 85C Model Minimum Pulse Width 'inst|altpll_component|auto_generated|pll1|clk[0]'
Slack : 19.754
TNS   : 0.000

Type  : Slow 1200mV 0C Model Setup 'inst|altpll_component|auto_generated|pll1|clk[0]'
Slack : -77.586
TNS   : -844.038

Type  : Slow 1200mV 0C Model Setup 'VGA_SYNC:inst1|vert_sync_out'
Slack : -4.231
TNS   : -111.450

Type  : Slow 1200mV 0C Model Setup 'MOUSE:inst4|MOUSE_CLK_FILTER'
Slack : -2.216
TNS   : -49.431

Type  : Slow 1200mV 0C Model Hold 'inst|altpll_component|auto_generated|pll1|clk[0]'
Slack : -0.289
TNS   : -0.289

Type  : Slow 1200mV 0C Model Hold 'MOUSE:inst4|MOUSE_CLK_FILTER'
Slack : 0.184
TNS   : 0.000

Type  : Slow 1200mV 0C Model Hold 'VGA_SYNC:inst1|vert_sync_out'
Slack : 0.307
TNS   : 0.000

Type  : Slow 1200mV 0C Model Recovery 'MOUSE:inst4|MOUSE_CLK_FILTER'
Slack : 0.042
TNS   : 0.000

Type  : Slow 1200mV 0C Model Removal 'MOUSE:inst4|MOUSE_CLK_FILTER'
Slack : 0.085
TNS   : 0.000

Type  : Slow 1200mV 0C Model Minimum Pulse Width 'VGA_SYNC:inst1|vert_sync_out'
Slack : -1.000
TNS   : -60.000

Type  : Slow 1200mV 0C Model Minimum Pulse Width 'MOUSE:inst4|MOUSE_CLK_FILTER'
Slack : -1.000
TNS   : -37.000

Type  : Slow 1200mV 0C Model Minimum Pulse Width 'clk'
Slack : 9.785
TNS   : 0.000

Type  : Slow 1200mV 0C Model Minimum Pulse Width 'inst|altpll_component|auto_generated|pll1|clk[0]'
Slack : 19.749
TNS   : 0.000

Type  : Fast 1200mV 0C Model Setup 'inst|altpll_component|auto_generated|pll1|clk[0]'
Slack : -48.457
TNS   : -527.643

Type  : Fast 1200mV 0C Model Setup 'VGA_SYNC:inst1|vert_sync_out'
Slack : -2.243
TNS   : -49.584

Type  : Fast 1200mV 0C Model Setup 'MOUSE:inst4|MOUSE_CLK_FILTER'
Slack : -1.081
TNS   : -16.139

Type  : Fast 1200mV 0C Model Hold 'inst|altpll_component|auto_generated|pll1|clk[0]'
Slack : -0.135
TNS   : -0.135

Type  : Fast 1200mV 0C Model Hold 'MOUSE:inst4|MOUSE_CLK_FILTER'
Slack : 0.050
TNS   : 0.000

Type  : Fast 1200mV 0C Model Hold 'VGA_SYNC:inst1|vert_sync_out'
Slack : 0.187
TNS   : 0.000

Type  : Fast 1200mV 0C Model Recovery 'MOUSE:inst4|MOUSE_CLK_FILTER'
Slack : 0.265
TNS   : 0.000

Type  : Fast 1200mV 0C Model Removal 'MOUSE:inst4|MOUSE_CLK_FILTER'
Slack : 0.009
TNS   : 0.000

Type  : Fast 1200mV 0C Model Minimum Pulse Width 'VGA_SYNC:inst1|vert_sync_out'
Slack : -1.000
TNS   : -60.000

Type  : Fast 1200mV 0C Model Minimum Pulse Width 'MOUSE:inst4|MOUSE_CLK_FILTER'
Slack : -1.000
TNS   : -37.000

Type  : Fast 1200mV 0C Model Minimum Pulse Width 'clk'
Slack : 9.585
TNS   : 0.000

Type  : Fast 1200mV 0C Model Minimum Pulse Width 'inst|altpll_component|auto_generated|pll1|clk[0]'
Slack : 19.783
TNS   : 0.000

------------------------------------------------------------
